// Jest Snapshot v1, https://goo.gl/fbAQLP

exports[`matches to the snapshot 1`] = `null`;
